../Core/Src/common.c:27:7:clamp	0	static
../Core/Src/common.c:34:6:randinit	0	static
../Core/Src/common.c:39:7:getrand	8	static
../Core/Src/common.c:44:7:dig_to_smb	0	static
../Core/Src/common.c:62:6:u16_to_str	12	static
../Core/Src/common.c:112:6:initbuttons	12	static
../Core/Src/common.c:123:7:getbatlvl	8	static
../Core/Src/common.c:153:6:ShutDownLB	8	static
../Core/Src/common.c:147:6:batcheck	8	static
../Core/Src/common.c:165:6:ShutDown	8	static
../Core/Src/common.c:175:6:getbrightlvl	0	static
../Core/Src/common.c:196:6:BrightPWMgen	0	static
../Core/Src/common.c:203:6:Sounds	32	static
../Core/Src/common.c:319:9:CreateBtn	8	static
../Core/Src/common.c:343:6:TestBtn	8	static
../Core/Src/common.c:371:6:checkjoydir	0	static
../Core/Src/common.c:334:6:check_btn_jstk	8	static
../Core/Src/common.c:395:6:EEPROM_writebyte	16	static
../Core/Src/common.c:180:6:decbright	0	static
../Core/Src/common.c:187:6:incbright	0	static
../Core/Src/common.c:411:7:EEPROM_readbyte	8	static
../Core/Src/common.c:102:6:commoninit	8	static
