../Core/Src/ringbuf.c:43:16:RingBuf_Clear	0	static
../Core/Src/ringbuf.c:28:16:RingBuf_Init	8	static
../Core/Src/ringbuf.c:56:16:RingBuf_Available	0	static
../Core/Src/ringbuf.c:72:16:RingBuf_BytePut	8	static
../Core/Src/ringbuf.c:98:16:RingBuf_DataPut	24	static
../Core/Src/ringbuf.c:86:16:RingBuf_CellPut	0	static
../Core/Src/ringbuf.c:183:16:RingBuf_ByteWatch	0	static
../Core/Src/ringbuf.c:133:16:RingBuf_ByteRead	8	static
../Core/Src/ringbuf.c:210:16:RingBuf_DataWatch	32	static
../Core/Src/ringbuf.c:162:16:RingBuf_DataRead	16	static
../Core/Src/ringbuf.c:150:16:RingBuf_CellRead	0	static
../Core/Src/ringbuf.c:197:16:RingBuf_CellWatch	0	static
