../Core/Src/drv_LCD_ST7565_SPI.c:29:6:LCD_init	32	static
../Core/Src/drv_LCD_ST7565_SPI.c:61:6:lcd_sendcommands	16	static
../Core/Src/drv_LCD_ST7565_SPI.c:70:6:LCD_writebyte	16	static
../Core/Src/drv_LCD_ST7565_SPI.c:75:6:LCD_setpagecolumn	16	static
../Core/Src/drv_LCD_ST7565_SPI.c:80:6:LCD_printsmb8x5	16	static
../Core/Src/drv_LCD_ST7565_SPI.c:87:7:LCD_printstr8x5	24	static
../Core/Src/drv_LCD_ST7565_SPI.c:105:6:LCD_erasestring	24	static
../Core/Src/drv_LCD_ST7565_SPI.c:110:6:LCD_bufupload_buferase	8	static
../Core/Src/drv_LCD_ST7565_SPI.c:115:6:LCD_senddata	24	static
../Core/Src/drv_LCD_ST7565_SPI.c:125:6:LCDbuf_upload	16	static
../Core/Src/drv_LCD_ST7565_SPI.c:136:6:LCDbuf_erase	16	static
../Core/Src/drv_LCD_ST7565_SPI.c:144:6:LCD_printweekday	16	static
../Core/Src/drv_LCD_ST7565_SPI.c:148:6:LCD_printmonth	16	static
../Core/Src/drv_LCD_ST7565_SPI.c:152:6:LCD_printclockanddate	32	static
../Core/Src/drv_LCD_ST7565_SPI.c:166:6:LCD_printbrightnes	16	static
../Core/Src/drv_LCD_ST7565_SPI.c:174:6:LCD_printbatlevel	16	static
../Core/Src/drv_LCD_ST7565_SPI.c:180:6:LCD_printmenucoursor	16	static
../Core/Src/drv_LCD_ST7565_SPI.c:185:6:LCD_printbutselhint	24	static
../Core/Src/drv_LCD_ST7565_SPI.c:192:6:LCD_printvertline	24	static
../Core/Src/drv_LCD_ST7565_SPI.c:210:6:LCD_printhorline	24	static
