../Drivers/CMSIS/Include/core_cm4.h:2064:26:ITM_SendChar	16	static,ignoring_inline_asm
../Core/Src/main.c:79:5:_write	32	static
../Core/Src/main.c:96:5:main	8	static
../Core/Src/main.c:157:6:SystemClock_Config	88	static
../Core/Src/main.c:204:13:MX_ADC1_Init	24	static
../Core/Src/main.c:256:13:MX_RTC_Init	32	static
../Core/Src/main.c:319:13:MX_SPI1_Init	8	static
../Core/Src/main.c:357:13:MX_SPI2_Init	8	static
../Core/Src/main.c:395:13:MX_TIM3_Init	48	static
../Core/Src/main.c:444:13:MX_USART1_UART_Init	8	static
../Core/Src/main.c:477:13:MX_USART2_UART_Init	8	static
../Core/Src/main.c:508:13:MX_DMA_Init	16	static
../Core/Src/main.c:526:13:MX_GPIO_Init	48	static
../Core/Src/main.c:586:6:HAL_IncTick	4	static
../Core/Src/main.c:597:6:Error_Handler	4	static,ignoring_inline_asm
